ろくなものじゃない
